{
  "id": "someBillingAddressId",
  "firstName": "Micha",
  "lastName": "Kutz",
  "streetName": "Domstr.",
  "houseNumber": "20",
  "city": "KÃ¶ln",
  "country": "Deutschland",
  "phone": "+49 221 1490",
  "latitude": "50.94603935915518",
  "longitude": "6.959302840118697",
  "email": "info@rewe-group.com",
  "postalCode": "50668",
  "status": "new_customer"
}